{123e4567-e89b-12d3-a456-426652340000 apiotrowski312 9223372036854775807 [100 120 125 10]}